# serializer version: 1
# name: test_diagnostics
  dict({
    'entry': dict({
      'data': dict({
        'address': '42:6C:99:4F:96:D8',
        'name': 'test-name',
        'sensor_type': 'ld2410',
      }),
      'disabled_by': None,
      'discovery_keys': dict({
      }),
      'domain': 'ld2410',
      'minor_version': 1,
      'options': dict({
        'retry_count': 3,
      }),
      'pref_disable_new_entities': False,
      'pref_disable_polling': False,
      'source': 'user',
      'subentries': list([
        dict({
          'data': dict({
          }),
          'subentry_type': 'test',
          'title': 'Subentry',
          'unique_id': None,
        }),
      ]),
      'title': 'Mock Title',
      'unique_id': '426c994f96d8',
      'version': 1,
    }),
    'service_info': <BluetoothServiceInfoBleak name=HLK-LD2410_96D8 address=42:6C:99:4F:96:D8 rssi=-90 manufacturer_data={256: b'D\x02\x101\x07$\x00Bl\x99O\x96\xd8', 1494: b'\x08\x00JLAISDK'} service_data={} service_uuids=['0000af30-0000-1000-8000-00805f9b34fb'] source=local connectable=True time=0.0 tx_power=-127 raw=None>,
  })
# ---
